11:22:44 **** Build of configuration Debug for project helloworld_bsp_xuartps_polled_example_1 ****
make all 
'Building file: ../src/xuartps_polled_example.c'
'Invoking: ARM gcc compiler'
arm-xilinx-eabi-gcc -Wall -O0 -g3 -c -fmessage-length=0 -MT"src/xuartps_polled_example.o" -I../../helloworld_bsp/ps7_cortexa9_0/include -MMD -MP -MF"src/xuartps_polled_example.d" -MT"src/xuartps_polled_example.d" -o "src/xuartps_polled_example.o" "../src/xuartps_polled_example.c"
'Finished building: ../src/xuartps_polled_example.c'
' '
'Building target: helloworld_bsp_xuartps_polled_example_1.elf'
'Invoking: ARM gcc linker'
arm-xilinx-eabi-gcc -Wl,-T -Wl,../src/lscript.ld -L../../helloworld_bsp/ps7_cortexa9_0/lib -o "helloworld_bsp_xuartps_polled_example_1.elf"  ./src/xuartps_polled_example.o   -Wl,--start-group,-lxil,-lgcc,-lc,--end-group
'Finished building target: helloworld_bsp_xuartps_polled_example_1.elf'
' '
'Invoking: ARM Print Size'
arm-xilinx-eabi-size helloworld_bsp_xuartps_polled_example_1.elf  |tee "helloworld_bsp_xuartps_polled_example_1.elf.size"
   text	   data	    bss	    dec	    hex	filename
  27800	   1200	  22740	  51740	   ca1c	helloworld_bsp_xuartps_polled_example_1.elf
'Finished building: helloworld_bsp_xuartps_polled_example_1.elf.size'
' '

11:22:46 Build Finished (took 2s.217ms)

